{
  "root": {
    "name": "ProjectOperator",
    "description": {
      "fields": "[name, country, province, coordinates, state]"
    },
    "children": [
      {
        "name": "FlattenOperator",
        "description": {
          "flattenField": {
            "attr": "location",
            "paths": [
              "location"
            ],
            "type": "STRUCT"
          }
        },
        "children": [
          {
            "name": "OpenSearchIndexScan",
            "description": {
              "request": "OpenSearchQueryRequest(indexName=opensearch-sql_test_index_flatten, sourceBuilder={\"from\":0,\"size\":10000,\"timeout\":\"1m\"}, needClean=true, searchDone=false, pitId=null, cursorKeepAlive=null, searchAfter=null, searchResponse=null)"
            },
            "children": []
          }
        ]
      }
    ]
  }
}